com\yellow\petshop\mapper\CommentImageMapper.class
com\yellow\petshop\model\comment\MerchantReplyDTO.class
com\yellow\petshop\model\PageResult.class
com\yellow\petshop\service\Impl\RecommendServiceImpl.class
com\yellow\petshop\model\merchant\MerchantLoginLog.class
com\yellow\petshop\service\Impl\BrowseHistoryServiceImpl.class
com\yellow\petshop\mapper\OrderItemMapper.class
com\yellow\petshop\model\order\OrderItemVO$OrderItemVOBuilder.class
com\yellow\petshop\util\JwtUtil.class
com\yellow\petshop\mapper\CartMapper.class
com\yellow\petshop\controller\RecommendController.class
com\yellow\petshop\mapper\PaymentRecordMapper.class
com\yellow\petshop\model\merchant\UpdateProductStatusDTO.class
com\yellow\petshop\model\user\LoginDTO.class
com\yellow\petshop\model\order\CreateOrderDTO$OrderItemDTO.class
com\yellow\petshop\service\Impl\SearchServiceImpl.class
com\yellow\petshop\service\SearchService.class
com\yellow\petshop\model\home\CommodityImage.class
com\yellow\petshop\service\AddressService.class
com\yellow\petshop\model\merchant\DashboardVO.class
com\yellow\petshop\service\GoodService.class
com\yellow\petshop\controller\SearchController.class
com\yellow\petshop\model\payment\PaymentRecord.class
com\yellow\petshop\controller\FavoriteController.class
com\yellow\petshop\mapper\WalletMapper.class
com\yellow\petshop\model\PageResult$PageResultBuilder.class
com\yellow\petshop\model\cart\CartItemVO.class
com\yellow\petshop\model\payment\OrderConfirmDTO$OrderItemDTO.class
com\yellow\petshop\model\user\LoginDTO$LoginDTOBuilder.class
com\yellow\petshop\model\merchant\MerchantVO.class
com\yellow\petshop\mapper\UserAddressMapper.class
com\yellow\petshop\service\CategoryService.class
com\yellow\petshop\service\Impl\OrderServiceImpl.class
com\yellow\petshop\mapper\CommentMapper.class
com\yellow\petshop\service\Impl\AddressServiceImpl.class
com\yellow\petshop\controller\PaymentController.class
com\yellow\petshop\service\MerchantOrderService.class
com\yellow\petshop\PetserverApplication.class
com\yellow\petshop\model\merchant\OrderDetailVO.class
com\yellow\petshop\model\Result$ResultBuilder.class
com\yellow\petshop\mapper\BrowseHistoryMapper.class
com\yellow\petshop\controller\CommentController.class
com\yellow\petshop\model\order\OrderVO.class
com\yellow\petshop\model\merchant\MerchantOperationLog.class
com\yellow\petshop\service\Impl\MerchantGoodsServiceImpl.class
com\yellow\petshop\mapper\MerchantMapper.class
com\yellow\petshop\service\Impl\CommentServiceImpl.class
com\yellow\petshop\model\favorite\FavoriteVO$FavoriteVOBuilder.class
com\yellow\petshop\model\address\UserAddress.class
com\yellow\petshop\service\OrderService.class
com\yellow\petshop\util\PasswordGenerator.class
com\yellow\petshop\model\payment\OrderPreviewVO$PreviewItemVO.class
com\yellow\petshop\exception\GlobalExceptionHandler.class
com\yellow\petshop\mapper\OrderMapper.class
com\yellow\petshop\interceptor\JwtInterceptor.class
com\yellow\petshop\mapper\SearchHistoryMapper.class
com\yellow\petshop\mapper\FavoriteMapper.class
com\yellow\petshop\model\payment\OrderConfirmDTO.class
com\yellow\petshop\model\home\Category.class
com\yellow\petshop\model\home\Swipe$SwipeBuilder.class
com\yellow\petshop\mapper\CommodityMapper.class
com\yellow\petshop\service\Impl\MerchantOrderServiceImpl.class
com\yellow\petshop\model\Result.class
com\yellow\petshop\service\FavoriteService.class
com\yellow\petshop\config\SwaggerConfig.class
com\yellow\petshop\config\WebConfig.class
com\yellow\petshop\service\MerchantGoodsService.class
com\yellow\petshop\controller\OrderController.class
com\yellow\petshop\model\comment\CommentVO$CommentVOBuilder.class
com\yellow\petshop\model\payment\OrderPreviewVO$OrderPreviewVOBuilder.class
com\yellow\petshop\model\home\CommodityDetailVO$CommodityDetailVOBuilder.class
com\yellow\petshop\mapper\UserWalletMapper.class
com\yellow\petshop\mapper\CommodityImageMapper.class
com\yellow\petshop\task\OrderTimeoutTask.class
com\yellow\petshop\model\comment\CommentVO.class
com\yellow\petshop\model\wallet\WalletVO$WalletVOBuilder.class
com\yellow\petshop\service\PaymentService.class
com\yellow\petshop\util\BCryptUtil.class
com\yellow\petshop\model\payment\OrderPreviewVO.class
com\yellow\petshop\model\wallet\UserWallet.class
com\yellow\petshop\model\favorite\UserFavorite$UserFavoriteBuilder.class
com\yellow\petshop\service\UserService.class
com\yellow\petshop\util\MyUtil.class
com\yellow\petshop\controller\MerchantCategoryController.class
com\yellow\petshop\model\payment\OrderPreviewVO$PreviewItemVO$PreviewItemVOBuilder.class
com\yellow\petshop\mapper\SwipeMapper.class
com\yellow\petshop\model\cart\CartItemVO$CartItemVOBuilder.class
com\yellow\petshop\service\Impl\CategoryServiceImpl.class
com\yellow\petshop\mapper\CategoryMapper.class
com\yellow\petshop\model\user\UserInfo.class
com\yellow\petshop\model\comment\CreateCommentDTO.class
com\yellow\petshop\controller\AddressController.class
com\yellow\petshop\model\user\RegisterDTO$RegisterDTOBuilder.class
com\yellow\petshop\model\user\RegisterDTO.class
com\yellow\petshop\mapper\MerchantOperationLogMapper.class
com\yellow\petshop\service\MerchantService.class
com\yellow\petshop\service\RecommendService.class
com\yellow\petshop\model\home\CommodityDetailVO.class
com\yellow\petshop\model\order\OrderVO$OrderVOBuilder.class
com\yellow\petshop\model\wallet\WalletVO.class
com\yellow\petshop\model\order\Order.class
com\yellow\petshop\controller\UserController.class
com\yellow\petshop\controller\BrowseHistoryController.class
com\yellow\petshop\model\favorite\UserFavorite.class
com\yellow\petshop\service\Impl\GoodServiceImpl.class
com\yellow\petshop\controller\MerchantController.class
com\yellow\petshop\mapper\MerchantLoginLogMapper.class
com\yellow\petshop\model\payment\PaymentDTO.class
com\yellow\petshop\model\favorite\FavoriteVO.class
com\yellow\petshop\service\Impl\UserServiceImpl.class
com\yellow\petshop\controller\CategoryController.class
com\yellow\petshop\model\merchant\UpdateOrderPriceDTO.class
com\yellow\petshop\service\MerchantMemberService.class
com\yellow\petshop\model\merchant\ShipOrderDTO.class
com\yellow\petshop\service\Impl\PaymentServiceImpl.class
com\yellow\petshop\controller\MerchantMemberController.class
com\yellow\petshop\model\merchant\MerchantLoginRequest.class
com\yellow\petshop\model\browse\BrowseHistoryVO.class
com\yellow\petshop\controller\MerchantGoodsController.class
com\yellow\petshop\model\home\CommodityInfo.class
com\yellow\petshop\model\browse\UserBrowseHistory.class
com\yellow\petshop\service\Impl\FavoriteServiceImpl.class
com\yellow\petshop\service\SwipeService.class
com\yellow\petshop\controller\SwipeController.class
com\yellow\petshop\model\user\User$UserBuilder.class
com\yellow\petshop\controller\GoodController.class
com\yellow\petshop\model\comment\Comment.class
com\yellow\petshop\model\comment\CommentImage.class
com\yellow\petshop\model\home\Swipe.class
com\yellow\petshop\model\cart\CartItem.class
com\yellow\petshop\util\PayPasswordGenerator.class
com\yellow\petshop\service\Impl\SwipeServiceImpl.class
com\yellow\petshop\model\browse\BrowseHistoryVO$BrowseHistoryVOBuilder.class
com\yellow\petshop\controller\MerchantController$UpdatePasswordRequest.class
com\yellow\petshop\service\Impl\CartServiceImpl.class
com\yellow\petshop\model\user\User.class
com\yellow\petshop\model\merchant\Merchant.class
com\yellow\petshop\service\BrowseHistoryService.class
com\yellow\petshop\model\order\OrderItem.class
com\yellow\petshop\model\user\UserInfo$UserInfoBuilder.class
com\yellow\petshop\service\CartService.class
com\yellow\petshop\model\order\OrderItemVO.class
com\yellow\petshop\model\order\CreateOrderDTO.class
com\yellow\petshop\service\CommentService.class
com\yellow\petshop\model\browse\UserBrowseHistory$UserBrowseHistoryBuilder.class
com\yellow\petshop\model\search\SearchHistory.class
com\yellow\petshop\mapper\UserMapper.class
com\yellow\petshop\controller\CartController.class
