C:\Users\rongyan\Desktop\ks\YellowPetShop\petserver\src\main\java\com\yellow\petshop\service\SearchService.java
C:\Users\rongyan\Desktop\ks\YellowPetShop\petserver\src\main\java\com\yellow\petshop\config\WebConfig.java
C:\Users\rongyan\Desktop\ks\YellowPetShop\petserver\src\main\java\com\yellow\petshop\controller\UserController.java
C:\Users\rongyan\Desktop\ks\YellowPetShop\petserver\src\main\java\com\yellow\petshop\service\Impl\PaymentServiceImpl.java
C:\Users\rongyan\Desktop\ks\YellowPetShop\petserver\src\main\java\com\yellow\petshop\model\order\OrderItem.java
C:\Users\rongyan\Desktop\ks\YellowPetShop\petserver\src\main\java\com\yellow\petshop\util\PayPasswordGenerator.java
C:\Users\rongyan\Desktop\ks\YellowPetShop\petserver\src\main\java\com\yellow\petshop\service\Impl\FavoriteServiceImpl.java
C:\Users\rongyan\Desktop\ks\YellowPetShop\petserver\src\main\java\com\yellow\petshop\service\Impl\SearchServiceImpl.java
C:\Users\rongyan\Desktop\ks\YellowPetShop\petserver\src\main\java\com\yellow\petshop\service\Impl\SwipeServiceImpl.java
C:\Users\rongyan\Desktop\ks\YellowPetShop\petserver\src\main\java\com\yellow\petshop\mapper\CategoryMapper.java
C:\Users\rongyan\Desktop\ks\YellowPetShop\petserver\src\main\java\com\yellow\petshop\model\payment\PaymentRecord.java
C:\Users\rongyan\Desktop\ks\YellowPetShop\petserver\src\main\java\com\yellow\petshop\service\GoodService.java
C:\Users\rongyan\Desktop\ks\YellowPetShop\petserver\src\main\java\com\yellow\petshop\service\Impl\BrowseHistoryServiceImpl.java
C:\Users\rongyan\Desktop\ks\YellowPetShop\petserver\src\main\java\com\yellow\petshop\util\MyUtil.java
C:\Users\rongyan\Desktop\ks\YellowPetShop\petserver\src\main\java\com\yellow\petshop\model\comment\Comment.java
C:\Users\rongyan\Desktop\ks\YellowPetShop\petserver\src\main\java\com\yellow\petshop\model\merchant\MerchantLoginRequest.java
C:\Users\rongyan\Desktop\ks\YellowPetShop\petserver\src\main\java\com\yellow\petshop\mapper\CommentMapper.java
C:\Users\rongyan\Desktop\ks\YellowPetShop\petserver\src\main\java\com\yellow\petshop\model\browse\BrowseHistoryVO.java
C:\Users\rongyan\Desktop\ks\YellowPetShop\petserver\src\main\java\com\yellow\petshop\mapper\SearchHistoryMapper.java
C:\Users\rongyan\Desktop\ks\YellowPetShop\petserver\src\main\java\com\yellow\petshop\service\AddressService.java
C:\Users\rongyan\Desktop\ks\YellowPetShop\petserver\src\main\java\com\yellow\petshop\controller\PaymentController.java
C:\Users\rongyan\Desktop\ks\YellowPetShop\petserver\src\main\java\com\yellow\petshop\model\merchant\MerchantLoginLog.java
C:\Users\rongyan\Desktop\ks\YellowPetShop\petserver\src\main\java\com\yellow\petshop\service\UserService.java
C:\Users\rongyan\Desktop\ks\YellowPetShop\petserver\src\main\java\com\yellow\petshop\service\OrderService.java
C:\Users\rongyan\Desktop\ks\YellowPetShop\petserver\src\main\java\com\yellow\petshop\model\cart\CartItemVO.java
C:\Users\rongyan\Desktop\ks\YellowPetShop\petserver\src\main\java\com\yellow\petshop\controller\MerchantCategoryController.java
C:\Users\rongyan\Desktop\ks\YellowPetShop\petserver\src\main\java\com\yellow\petshop\mapper\UserAddressMapper.java
C:\Users\rongyan\Desktop\ks\YellowPetShop\petserver\src\main\java\com\yellow\petshop\controller\RecommendController.java
C:\Users\rongyan\Desktop\ks\YellowPetShop\petserver\src\main\java\com\yellow\petshop\model\favorite\FavoriteVO.java
C:\Users\rongyan\Desktop\ks\YellowPetShop\petserver\src\main\java\com\yellow\petshop\controller\GoodController.java
C:\Users\rongyan\Desktop\ks\YellowPetShop\petserver\src\main\java\com\yellow\petshop\controller\OrderController.java
C:\Users\rongyan\Desktop\ks\YellowPetShop\petserver\src\main\java\com\yellow\petshop\controller\SwipeController.java
C:\Users\rongyan\Desktop\ks\YellowPetShop\petserver\src\main\java\com\yellow\petshop\exception\GlobalExceptionHandler.java
C:\Users\rongyan\Desktop\ks\YellowPetShop\petserver\src\main\java\com\yellow\petshop\model\cart\CartItem.java
C:\Users\rongyan\Desktop\ks\YellowPetShop\petserver\src\main\java\com\yellow\petshop\model\wallet\WalletVO.java
C:\Users\rongyan\Desktop\ks\YellowPetShop\petserver\src\main\java\com\yellow\petshop\model\search\SearchHistory.java
C:\Users\rongyan\Desktop\ks\YellowPetShop\petserver\src\main\java\com\yellow\petshop\util\JwtUtil.java
C:\Users\rongyan\Desktop\ks\YellowPetShop\petserver\src\main\java\com\yellow\petshop\model\order\CreateOrderDTO.java
C:\Users\rongyan\Desktop\ks\YellowPetShop\petserver\src\main\java\com\yellow\petshop\mapper\CommodityMapper.java
C:\Users\rongyan\Desktop\ks\YellowPetShop\petserver\src\main\java\com\yellow\petshop\service\MerchantGoodsService.java
C:\Users\rongyan\Desktop\ks\YellowPetShop\petserver\src\main\java\com\yellow\petshop\controller\BrowseHistoryController.java
C:\Users\rongyan\Desktop\ks\YellowPetShop\petserver\src\main\java\com\yellow\petshop\mapper\MerchantMapper.java
C:\Users\rongyan\Desktop\ks\YellowPetShop\petserver\src\main\java\com\yellow\petshop\mapper\CommentImageMapper.java
C:\Users\rongyan\Desktop\ks\YellowPetShop\petserver\src\main\java\com\yellow\petshop\model\comment\MerchantReplyDTO.java
C:\Users\rongyan\Desktop\ks\YellowPetShop\petserver\src\main\java\com\yellow\petshop\model\order\Order.java
C:\Users\rongyan\Desktop\ks\YellowPetShop\petserver\src\main\java\com\yellow\petshop\controller\CategoryController.java
C:\Users\rongyan\Desktop\ks\YellowPetShop\petserver\src\main\java\com\yellow\petshop\model\merchant\ShipOrderDTO.java
C:\Users\rongyan\Desktop\ks\YellowPetShop\petserver\src\main\java\com\yellow\petshop\model\home\Category.java
C:\Users\rongyan\Desktop\ks\YellowPetShop\petserver\src\main\java\com\yellow\petshop\service\BrowseHistoryService.java
C:\Users\rongyan\Desktop\ks\YellowPetShop\petserver\src\main\java\com\yellow\petshop\service\RecommendService.java
C:\Users\rongyan\Desktop\ks\YellowPetShop\petserver\src\main\java\com\yellow\petshop\model\merchant\Merchant.java
C:\Users\rongyan\Desktop\ks\YellowPetShop\petserver\src\main\java\com\yellow\petshop\model\payment\OrderConfirmDTO.java
C:\Users\rongyan\Desktop\ks\YellowPetShop\petserver\src\main\java\com\yellow\petshop\mapper\WalletMapper.java
C:\Users\rongyan\Desktop\ks\YellowPetShop\petserver\src\main\java\com\yellow\petshop\mapper\UserMapper.java
C:\Users\rongyan\Desktop\ks\YellowPetShop\petserver\src\main\java\com\yellow\petshop\service\MerchantOrderService.java
C:\Users\rongyan\Desktop\ks\YellowPetShop\petserver\src\main\java\com\yellow\petshop\model\comment\CreateCommentDTO.java
C:\Users\rongyan\Desktop\ks\YellowPetShop\petserver\src\main\java\com\yellow\petshop\service\Impl\AddressServiceImpl.java
C:\Users\rongyan\Desktop\ks\YellowPetShop\petserver\src\main\java\com\yellow\petshop\model\merchant\DashboardVO.java
C:\Users\rongyan\Desktop\ks\YellowPetShop\petserver\src\main\java\com\yellow\petshop\controller\MerchantMemberController.java
C:\Users\rongyan\Desktop\ks\YellowPetShop\petserver\src\main\java\com\yellow\petshop\mapper\OrderItemMapper.java
C:\Users\rongyan\Desktop\ks\YellowPetShop\petserver\src\main\java\com\yellow\petshop\controller\CartController.java
C:\Users\rongyan\Desktop\ks\YellowPetShop\petserver\src\main\java\com\yellow\petshop\model\user\UserInfo.java
C:\Users\rongyan\Desktop\ks\YellowPetShop\petserver\src\main\java\com\yellow\petshop\mapper\UserWalletMapper.java
C:\Users\rongyan\Desktop\ks\YellowPetShop\petserver\src\main\java\com\yellow\petshop\model\address\UserAddress.java
C:\Users\rongyan\Desktop\ks\YellowPetShop\petserver\src\main\java\com\yellow\petshop\service\Impl\MerchantGoodsServiceImpl.java
C:\Users\rongyan\Desktop\ks\YellowPetShop\petserver\src\main\java\com\yellow\petshop\model\home\CommodityDetailVO.java
C:\Users\rongyan\Desktop\ks\YellowPetShop\petserver\src\main\java\com\yellow\petshop\service\CategoryService.java
C:\Users\rongyan\Desktop\ks\YellowPetShop\petserver\src\main\java\com\yellow\petshop\model\home\Swipe.java
C:\Users\rongyan\Desktop\ks\YellowPetShop\petserver\src\main\java\com\yellow\petshop\model\merchant\MerchantVO.java
C:\Users\rongyan\Desktop\ks\YellowPetShop\petserver\src\main\java\com\yellow\petshop\model\home\CommodityImage.java
C:\Users\rongyan\Desktop\ks\YellowPetShop\petserver\src\main\java\com\yellow\petshop\model\favorite\UserFavorite.java
C:\Users\rongyan\Desktop\ks\YellowPetShop\petserver\src\main\java\com\yellow\petshop\model\merchant\OrderDetailVO.java
C:\Users\rongyan\Desktop\ks\YellowPetShop\petserver\src\main\java\com\yellow\petshop\service\Impl\OrderServiceImpl.java
C:\Users\rongyan\Desktop\ks\YellowPetShop\petserver\src\main\java\com\yellow\petshop\mapper\CommodityImageMapper.java
C:\Users\rongyan\Desktop\ks\YellowPetShop\petserver\src\main\java\com\yellow\petshop\model\user\RegisterDTO.java
C:\Users\rongyan\Desktop\ks\YellowPetShop\petserver\src\main\java\com\yellow\petshop\interceptor\JwtInterceptor.java
C:\Users\rongyan\Desktop\ks\YellowPetShop\petserver\src\main\java\com\yellow\petshop\service\PaymentService.java
C:\Users\rongyan\Desktop\ks\YellowPetShop\petserver\src\main\java\com\yellow\petshop\service\MerchantMemberService.java
C:\Users\rongyan\Desktop\ks\YellowPetShop\petserver\src\main\java\com\yellow\petshop\model\user\User.java
C:\Users\rongyan\Desktop\ks\YellowPetShop\petserver\src\main\java\com\yellow\petshop\util\PasswordGenerator.java
C:\Users\rongyan\Desktop\ks\YellowPetShop\petserver\src\main\java\com\yellow\petshop\model\comment\CommentImage.java
C:\Users\rongyan\Desktop\ks\YellowPetShop\petserver\src\main\java\com\yellow\petshop\model\wallet\UserWallet.java
C:\Users\rongyan\Desktop\ks\YellowPetShop\petserver\src\main\java\com\yellow\petshop\model\home\CommodityInfo.java
C:\Users\rongyan\Desktop\ks\YellowPetShop\petserver\src\main\java\com\yellow\petshop\service\SwipeService.java
C:\Users\rongyan\Desktop\ks\YellowPetShop\petserver\src\main\java\com\yellow\petshop\service\CartService.java
C:\Users\rongyan\Desktop\ks\YellowPetShop\petserver\src\main\java\com\yellow\petshop\mapper\PaymentRecordMapper.java
C:\Users\rongyan\Desktop\ks\YellowPetShop\petserver\src\main\java\com\yellow\petshop\controller\MerchantController.java
C:\Users\rongyan\Desktop\ks\YellowPetShop\petserver\src\main\java\com\yellow\petshop\controller\AddressController.java
C:\Users\rongyan\Desktop\ks\YellowPetShop\petserver\src\main\java\com\yellow\petshop\model\payment\PaymentDTO.java
C:\Users\rongyan\Desktop\ks\YellowPetShop\petserver\src\main\java\com\yellow\petshop\model\browse\UserBrowseHistory.java
C:\Users\rongyan\Desktop\ks\YellowPetShop\petserver\src\main\java\com\yellow\petshop\service\FavoriteService.java
C:\Users\rongyan\Desktop\ks\YellowPetShop\petserver\src\main\java\com\yellow\petshop\service\Impl\UserServiceImpl.java
C:\Users\rongyan\Desktop\ks\YellowPetShop\petserver\src\main\java\com\yellow\petshop\model\payment\OrderPreviewVO.java
C:\Users\rongyan\Desktop\ks\YellowPetShop\petserver\src\main\java\com\yellow\petshop\config\SwaggerConfig.java
C:\Users\rongyan\Desktop\ks\YellowPetShop\petserver\src\main\java\com\yellow\petshop\controller\CommentController.java
C:\Users\rongyan\Desktop\ks\YellowPetShop\petserver\src\main\java\com\yellow\petshop\controller\MerchantGoodsController.java
C:\Users\rongyan\Desktop\ks\YellowPetShop\petserver\src\main\java\com\yellow\petshop\service\Impl\CategoryServiceImpl.java
C:\Users\rongyan\Desktop\ks\YellowPetShop\petserver\src\main\java\com\yellow\petshop\model\comment\CommentVO.java
C:\Users\rongyan\Desktop\ks\YellowPetShop\petserver\src\main\java\com\yellow\petshop\service\Impl\GoodServiceImpl.java
C:\Users\rongyan\Desktop\ks\YellowPetShop\petserver\src\main\java\com\yellow\petshop\model\user\LoginDTO.java
C:\Users\rongyan\Desktop\ks\YellowPetShop\petserver\src\main\java\com\yellow\petshop\service\Impl\CommentServiceImpl.java
C:\Users\rongyan\Desktop\ks\YellowPetShop\petserver\src\main\java\com\yellow\petshop\PetserverApplication.java
C:\Users\rongyan\Desktop\ks\YellowPetShop\petserver\src\main\java\com\yellow\petshop\model\order\OrderItemVO.java
C:\Users\rongyan\Desktop\ks\YellowPetShop\petserver\src\main\java\com\yellow\petshop\service\Impl\CartServiceImpl.java
C:\Users\rongyan\Desktop\ks\YellowPetShop\petserver\src\main\java\com\yellow\petshop\model\order\OrderVO.java
C:\Users\rongyan\Desktop\ks\YellowPetShop\petserver\src\main\java\com\yellow\petshop\service\MerchantService.java
C:\Users\rongyan\Desktop\ks\YellowPetShop\petserver\src\main\java\com\yellow\petshop\service\Impl\RecommendServiceImpl.java
C:\Users\rongyan\Desktop\ks\YellowPetShop\petserver\src\main\java\com\yellow\petshop\controller\FavoriteController.java
C:\Users\rongyan\Desktop\ks\YellowPetShop\petserver\src\main\java\com\yellow\petshop\mapper\MerchantLoginLogMapper.java
C:\Users\rongyan\Desktop\ks\YellowPetShop\petserver\src\main\java\com\yellow\petshop\mapper\SwipeMapper.java
C:\Users\rongyan\Desktop\ks\YellowPetShop\petserver\src\main\java\com\yellow\petshop\model\PageResult.java
C:\Users\rongyan\Desktop\ks\YellowPetShop\petserver\src\main\java\com\yellow\petshop\mapper\FavoriteMapper.java
C:\Users\rongyan\Desktop\ks\YellowPetShop\petserver\src\main\java\com\yellow\petshop\model\merchant\MerchantOperationLog.java
C:\Users\rongyan\Desktop\ks\YellowPetShop\petserver\src\main\java\com\yellow\petshop\model\Result.java
C:\Users\rongyan\Desktop\ks\YellowPetShop\petserver\src\main\java\com\yellow\petshop\controller\SearchController.java
C:\Users\rongyan\Desktop\ks\YellowPetShop\petserver\src\main\java\com\yellow\petshop\service\CommentService.java
C:\Users\rongyan\Desktop\ks\YellowPetShop\petserver\src\main\java\com\yellow\petshop\mapper\CartMapper.java
C:\Users\rongyan\Desktop\ks\YellowPetShop\petserver\src\main\java\com\yellow\petshop\util\BCryptUtil.java
C:\Users\rongyan\Desktop\ks\YellowPetShop\petserver\src\main\java\com\yellow\petshop\mapper\OrderMapper.java
C:\Users\rongyan\Desktop\ks\YellowPetShop\petserver\src\main\java\com\yellow\petshop\service\Impl\MerchantOrderServiceImpl.java
C:\Users\rongyan\Desktop\ks\YellowPetShop\petserver\src\main\java\com\yellow\petshop\mapper\MerchantOperationLogMapper.java
C:\Users\rongyan\Desktop\ks\YellowPetShop\petserver\src\main\java\com\yellow\petshop\model\merchant\UpdateProductStatusDTO.java
C:\Users\rongyan\Desktop\ks\YellowPetShop\petserver\src\main\java\com\yellow\petshop\task\OrderTimeoutTask.java
C:\Users\rongyan\Desktop\ks\YellowPetShop\petserver\src\main\java\com\yellow\petshop\mapper\BrowseHistoryMapper.java
C:\Users\rongyan\Desktop\ks\YellowPetShop\petserver\src\main\java\com\yellow\petshop\model\merchant\UpdateOrderPriceDTO.java
